// Jest Snapshot v1, https://goo.gl/fbAQLP

exports[`Components HelloWorld should render without errors 1`] = `
<h1>
  Hello, world!
</h1>
`;
